// Jest Snapshot v1, https://goo.gl/fbAQLP

exports[`MovieContainer should match the snapshot 1`] = `
<section>
  <header>
    <section
      className="header-title"
    >
      <h1
        className="h1"
      >
        Movie 
        <i
          className="fas fa-film"
        />
         Tracker
      </h1>
    </section>
    <nav
      role="navigation"
    >
      <div
        id="menuToggle"
      >
        <input
          type="checkbox"
        />
        <span />
        <span />
        <span />
        <ul
          id="menu"
        >
          <h4
            className="user-name"
          >
            Welcome, 
            Bridgett
          </h4>
          <Link
            to="/MovieContainer"
          >
            <li
              onClick={[Function]}
            >
              Home
            </li>
          </Link>
          <hr />
          <Link
            to="MovieContainer/favorites"
          >
            <li
              onClick={[Function]}
            >
              Favorites
            </li>
          </Link>
          <hr />
          <Link
            to=""
          >
            <li>
              About
            </li>
          </Link>
          <hr />
          <Link
            to="/Login"
          >
            <li
              onClick={[Function]}
            >
              Sign Out
            </li>
          </Link>
          <hr />
        </ul>
      </div>
    </nav>
  </header>
  <main
    className="movies"
  >
    <ConnectFunction
      key="uid1"
      movie={
        Object {
          "id": 1,
          "overview": "a darn good movie",
          "poster_path": undefined,
          "release_date": 2019,
          "title": "Avengers",
          "vote_average": 10,
        }
      }
    />
  </main>
</section>
`;
